---
source: src/main.rs
expression: ta.backend()
---
"╭─────────────────────────────────╮     "
"│              ERROR              │     "
"│          not a number           │     "
"│                                 │     "
"╰─────────────────────────────────╯     "
"╭─────────────────────────────────╮     "
"│                                 │     "
"│                                 │     "
"│                                 │     "
"│                                 │     "
"│                                 │     "
"│                                 │     "
"│                                 │     "
"│                                 │     "
"│                                 │     "
"│                                 │     "
"│                                 │     "
"│                                 │     "
"│                                 │     "
"│                                 │     "
"│                                 │     "
"│                                 │     "
"│                                 │     "
"│? help      ESC clear        quit│     "
"╰─────────────────────────────────╯     "
"                                        "
