---
source: src/main.rs
expression: ta.backend()
---
TestBackend {
    buffer: Buffer {
        area: Rect { x: 0, y: 0, width: 55, height: 26 },
        content: [
            "╭─────────────────────────────────╮╭──────────────────╮",
            "│   *                             ││ memory registers │",
            "│                      4.000000000││                  │",
            "│DEC (10)                      dec││0: 0.000000000    │",
            "╰─────────────────────────────────╯│                  │",
            "╭─────────────────────────────────╮│1: 4.000000000    │",
            "│      0 1 2 3 4 5 6 7 8 9 .      ││                  │",
            "│            + - * / %            ││2: 6371.000000000 │",
            "│root: sQrt                       ││                  │",
            "│ mem: store recall               ││3: 0.000000000    │",
            "│base: Hex Oct Bin                ││                  │",
            "│mode: Int Sci sigFig             ││4: 0.000000000    │",
            "│                                 ││                  │",
            "│                                 ││5: 0.000000000    │",
            "│                                 ││                  │",
            "│                                 ││6: 0.000000000    │",
            "│                                 ││                  │",
            "│                                 ││7: 0.000000000    │",
            "│                                 ││                  │",
            "│                                 ││8: 0.000000000    │",
            "│                                 ││                  │",
            "│                                 ││9: 0.000000000    │",
            "│                                 ││                  │",
            "│? help      ESC clear        quit││                  │",
            "╰─────────────────────────────────╯╰──────────────────╯",
            "                                                       ",
        ],
        styles: [
            x: 0, y: 0, fg: Reset, bg: Reset, underline: Reset, modifier: NONE,
            x: 1, y: 8, fg: Reset, bg: Reset, underline: Reset, modifier: DIM,
            x: 8, y: 8, fg: Reset, bg: Reset, underline: Reset, modifier: NONE,
            x: 9, y: 8, fg: Reset, bg: Reset, underline: Reset, modifier: DIM,
            x: 11, y: 8, fg: Reset, bg: Reset, underline: Reset, modifier: NONE,
            x: 1, y: 9, fg: Reset, bg: Reset, underline: Reset, modifier: DIM,
            x: 7, y: 9, fg: Reset, bg: Reset, underline: Reset, modifier: NONE,
            x: 8, y: 9, fg: Reset, bg: Reset, underline: Reset, modifier: DIM,
            x: 12, y: 9, fg: Reset, bg: Reset, underline: Reset, modifier: NONE,
            x: 14, y: 9, fg: Reset, bg: Reset, underline: Reset, modifier: DIM,
            x: 19, y: 9, fg: Reset, bg: Reset, underline: Reset, modifier: NONE,
            x: 1, y: 10, fg: Reset, bg: Reset, underline: Reset, modifier: DIM,
            x: 6, y: 10, fg: Reset, bg: Reset, underline: Reset, modifier: NONE,
            x: 8, y: 10, fg: Reset, bg: Reset, underline: Reset, modifier: DIM,
            x: 10, y: 10, fg: Reset, bg: Reset, underline: Reset, modifier: NONE,
            x: 12, y: 10, fg: Reset, bg: Reset, underline: Reset, modifier: DIM,
            x: 14, y: 10, fg: Reset, bg: Reset, underline: Reset, modifier: NONE,
            x: 16, y: 10, fg: Reset, bg: Reset, underline: Reset, modifier: DIM,
            x: 18, y: 10, fg: Reset, bg: Reset, underline: Reset, modifier: NONE,
            x: 1, y: 11, fg: Reset, bg: Reset, underline: Reset, modifier: DIM,
            x: 6, y: 11, fg: Reset, bg: Reset, underline: Reset, modifier: NONE,
            x: 8, y: 11, fg: Reset, bg: Reset, underline: Reset, modifier: DIM,
            x: 10, y: 11, fg: Reset, bg: Reset, underline: Reset, modifier: NONE,
            x: 12, y: 11, fg: Reset, bg: Reset, underline: Reset, modifier: DIM,
            x: 18, y: 11, fg: Reset, bg: Reset, underline: Reset, modifier: NONE,
            x: 19, y: 11, fg: Reset, bg: Reset, underline: Reset, modifier: DIM,
            x: 21, y: 11, fg: Reset, bg: Reset, underline: Reset, modifier: NONE,
            x: 2, y: 23, fg: Reset, bg: Reset, underline: Reset, modifier: DIM,
            x: 7, y: 23, fg: Reset, bg: Reset, underline: Reset, modifier: NONE,
            x: 16, y: 23, fg: Reset, bg: Reset, underline: Reset, modifier: DIM,
            x: 22, y: 23, fg: Reset, bg: Reset, underline: Reset, modifier: NONE,
            x: 31, y: 23, fg: Reset, bg: Reset, underline: Reset, modifier: DIM,
            x: 34, y: 23, fg: Reset, bg: Reset, underline: Reset, modifier: NONE,
        ]
    },
    scrollback: Buffer {
        area: Rect { x: 0, y: 0, width: 55, height: 0 }
    },
    cursor: false,
    pos: (
        0,
        0,
    ),
}
