---
source: src/main.rs
expression: ta.backend()
---
"╭─────────────────────────────────╮     "
"│              ERROR              │     "
"│         divide by zero          │     "
"│                                 │     "
"╰─────────────────────────────────╯     "
"╭─────────────────────────────────╮     "
"│                                 │     "
"│                                 │     "
"│                                 │     "
"│                                 │     "
"│                                 │     "
"│                                 │     "
"│                                 │     "
"│                                 │     "
"│                                 │     "
"│                                 │     "
"│                                 │     "
"│                                 │     "
"│                                 │     "
"│                                 │     "
"│                                 │     "
"│                                 │     "
"│                                 │     "
"│? help      ESC clear        quit│     "
"╰─────────────────────────────────╯     "
"                                        "
